// Jest Snapshot v1, https://goo.gl/fbAQLP

exports[`render Mission should render 1`] = `
<table
  className="table"
>
  <tbody>
    <tr>
      <td>
        Mission test
      </td>
      <td>
        first mission
      </td>
      <td>
        <span
          className="badge bg-secondary"
        >
          Non-Active
        </span>
      </td>
      <td>
        <button
          className="btn btn-outline-secondary"
          disabled={false}
          onClick={[Function]}
          type="button"
        >
          Join Mission
        </button>
      </td>
    </tr>
  </tbody>
</table>
`;

exports[`render Nav Bar should render Nav Bar 1`] = `
<nav>
  <div
    className="navTitle"
  >
    <img
      alt="planet"
      src="planet.png"
    />
    <h1>
      Space Traveler\`s Hub
    </h1>
  </div>
  <div
    className="navList"
  >
    <ul>
      <a
        aria-current="page"
        className="activeLink"
        href="/"
        onClick={[Function]}
      >
        Rockets
      </a>
      <a
        className=""
        href="/missions"
        onClick={[Function]}
      >
        Missions
      </a>
      <a
        className=""
        href="/profile"
        onClick={[Function]}
      >
        My Profile
      </a>
    </ul>
  </div>
</nav>
`;
